SQL> PROMPT ===== INIZIO 01_schema.sql =====
===== INIZIO 01_schema.sql =====
SQL> @sql/01_schema.sql
SQL> -- ============================================================
SQL> -- Project Work L-31
SQL> -- Schema Oracle del progetto
SQL> -- File: 01_schema.sql
SQL> --
SQL> -- Lo script è stato controllato staticamente.
SQL> -- Il collaudo su Oracle verrà eseguito in una fase successiva.
SQL> -- ============================================================
SQL> 
SQL> -- Le chiavi surrogate usano GENERATED BY DEFAULT AS IDENTITY.
SQL> -- La numerazione parte da 1000 per lasciare disponibili gli ID più bassi
SQL> -- al dataset di esempio.
SQL> 
SQL> -- ORGANIZZAZIONI: organizzazione utilizzata nel caso di studio.
SQL> CREATE TABLE organizzazioni (
  2      id_organizzazione   NUMBER(10) GENERATED BY DEFAULT AS IDENTITY (START WITH 1000),
  3      nome_organizzazione VARCHAR2(150) NOT NULL,
  4  
  5      CONSTRAINT pk_organizzazioni
  6          PRIMARY KEY (id_organizzazione)
  7  );

Table ORGANIZZAZIONI created.

SQL> 
SQL> -- FORNITORI: anagrafica dei fornitori esterni.
SQL> CREATE TABLE fornitori (
  2      id_fornitore   NUMBER(10) GENERATED BY DEFAULT AS IDENTITY (START WITH 1000),
  3      nome_fornitore VARCHAR2(150) NOT NULL,
  4  
  5      CONSTRAINT pk_fornitori
  6          PRIMARY KEY (id_fornitore)
  7  );

Table FORNITORI created.

SQL> 
SQL> -- ASSET: asset censiti dall'organizzazione.
SQL> CREATE TABLE asset (
  2      id_asset          NUMBER(10) GENERATED BY DEFAULT AS IDENTITY (START WITH 1000),
  3      id_organizzazione NUMBER(10) NOT NULL,
  4      nome_asset        VARCHAR2(150) NOT NULL,
  5      tipo_asset        VARCHAR2(80) NOT NULL,
  6      criticita         VARCHAR2(10) NOT NULL,
  7      stato             VARCHAR2(10) NOT NULL,
  8  
  9      CONSTRAINT pk_asset
 10          PRIMARY KEY (id_asset),
 11  
 12      CONSTRAINT fk_asset_organizzazione
 13          FOREIGN KEY (id_organizzazione)
 14          REFERENCES organizzazioni (id_organizzazione),
 15  
 16      CONSTRAINT ck_asset_criticita
 17          CHECK (criticita IN ('BASSA', 'MEDIA', 'ALTA', 'CRITICA')),
 18  
 19      CONSTRAINT ck_asset_stato
 20          CHECK (stato IN ('ATTIVO', 'INATTIVO', 'DISMESSO'))
 21  );

Table ASSET created.

SQL> 
SQL> -- SERVIZI: servizi erogati o gestiti dall'organizzazione.
SQL> CREATE TABLE servizi (
  2      id_servizio       NUMBER(10) GENERATED BY DEFAULT AS IDENTITY (START WITH 1000),
  3      id_organizzazione NUMBER(10) NOT NULL,
  4      nome_servizio     VARCHAR2(150) NOT NULL,
  5      criticita         VARCHAR2(10) NOT NULL,
  6  
  7      CONSTRAINT pk_servizi
  8          PRIMARY KEY (id_servizio),
  9  
 10      CONSTRAINT fk_servizi_organizzazione
 11          FOREIGN KEY (id_organizzazione)
 12          REFERENCES organizzazioni (id_organizzazione),
 13  
 14      CONSTRAINT ck_servizi_criticita
 15          CHECK (criticita IN ('BASSA', 'MEDIA', 'ALTA', 'CRITICA'))
 16  );

Table SERVIZI created.

SQL> 
SQL> -- RESPONSABILI: persone con responsabilità organizzative o tecniche.
SQL> CREATE TABLE responsabili (
  2      id_responsabile   NUMBER(10) GENERATED BY DEFAULT AS IDENTITY (START WITH 1000),
  3      id_organizzazione NUMBER(10) NOT NULL,
  4      nome              VARCHAR2(80) NOT NULL,
  5      cognome           VARCHAR2(80) NOT NULL,
  6      ruolo             VARCHAR2(120) NOT NULL,
  7  
  8      CONSTRAINT pk_responsabili
  9          PRIMARY KEY (id_responsabile),
 10  
 11      CONSTRAINT fk_resp_organizzazione
 12          FOREIGN KEY (id_organizzazione)
 13          REFERENCES organizzazioni (id_organizzazione)
 14  );

Table RESPONSABILI created.

SQL> 
SQL> -- PUNTI_CONTATTO: recapiti associati a un responsabile e a una funzione.
SQL> CREATE TABLE punti_contatto (
  2      id_punto_contatto NUMBER(10) GENERATED BY DEFAULT AS IDENTITY (START WITH 1000),
  3      id_responsabile   NUMBER(10) NOT NULL,
  4      funzione          VARCHAR2(120) NOT NULL,
  5      priorita_contatto NUMBER(2) NOT NULL,
  6      email             VARCHAR2(150),
  7      telefono          VARCHAR2(30),
  8  
  9      CONSTRAINT pk_punti_contatto
 10          PRIMARY KEY (id_punto_contatto),
 11  
 12      CONSTRAINT fk_pcont_responsabile
 13          FOREIGN KEY (id_responsabile)
 14          REFERENCES responsabili (id_responsabile),
 15  
 16      CONSTRAINT uq_pcont_resp_fun_prio
 17          UNIQUE (id_responsabile, funzione, priorita_contatto),
 18  
 19      CONSTRAINT ck_pcont_priorita
 20          CHECK (priorita_contatto > 0),
 21  
 22      CONSTRAINT ck_pcont_recapito
 23          CHECK (email IS NOT NULL OR telefono IS NOT NULL)
 24  );

Table PUNTI_CONTATTO created.

SQL> 
SQL> -- ASSET_SERVIZI: relazione molti-a-molti tra asset e servizi.
SQL> CREATE TABLE asset_servizi (
  2      id_asset    NUMBER(10) NOT NULL,
  3      id_servizio NUMBER(10) NOT NULL,
  4  
  5      CONSTRAINT pk_asset_servizi
  6          PRIMARY KEY (id_asset, id_servizio),
  7  
  8      CONSTRAINT fk_aserv_asset
  9          FOREIGN KEY (id_asset)
 10          REFERENCES asset (id_asset),
 11  
 12      CONSTRAINT fk_aserv_servizio
 13          FOREIGN KEY (id_servizio)
 14          REFERENCES servizi (id_servizio)
 15  );

Table ASSET_SERVIZI created.

SQL> 
SQL> -- SERVIZI_FORNITORI: dipendenze dei servizi dai fornitori esterni.
SQL> CREATE TABLE servizi_fornitori (
  2      id_servizio          NUMBER(10) NOT NULL,
  3      id_fornitore         NUMBER(10) NOT NULL,
  4      tipo_dipendenza      VARCHAR2(100) NOT NULL,
  5      criticita_dipendenza VARCHAR2(10) NOT NULL,
  6      descrizione          VARCHAR2(500),
  7  
  8      CONSTRAINT pk_servizi_fornitori
  9          PRIMARY KEY (id_servizio, id_fornitore),
 10  
 11      CONSTRAINT fk_sforn_servizio
 12          FOREIGN KEY (id_servizio)
 13          REFERENCES servizi (id_servizio),
 14  
 15      CONSTRAINT fk_sforn_fornitore
 16          FOREIGN KEY (id_fornitore)
 17          REFERENCES fornitori (id_fornitore),
 18  
 19      CONSTRAINT ck_sforn_criticita
 20          CHECK (criticita_dipendenza IN ('BASSA', 'MEDIA', 'ALTA', 'CRITICA'))
 21  );

Table SERVIZI_FORNITORI created.

SQL> 
SQL> -- ASSET_RESPONSABILI: relazione molti-a-molti tra asset e responsabili.
SQL> CREATE TABLE asset_responsabili (
  2      id_asset        NUMBER(10) NOT NULL,
  3      id_responsabile NUMBER(10) NOT NULL,
  4  
  5      CONSTRAINT pk_asset_responsabili
  6          PRIMARY KEY (id_asset, id_responsabile),
  7  
  8      CONSTRAINT fk_aresp_asset
  9          FOREIGN KEY (id_asset)
 10          REFERENCES asset (id_asset),
 11  
 12      CONSTRAINT fk_aresp_responsabile
 13          FOREIGN KEY (id_responsabile)
 14          REFERENCES responsabili (id_responsabile)
 15  );

Table ASSET_RESPONSABILI created.

SQL> 
SQL> -- SERVIZI_RESPONSABILI: relazione molti-a-molti tra servizi e responsabili.
SQL> CREATE TABLE servizi_responsabili (
  2      id_servizio     NUMBER(10) NOT NULL,
  3      id_responsabile NUMBER(10) NOT NULL,
  4  
  5      CONSTRAINT pk_servizi_responsabili
  6          PRIMARY KEY (id_servizio, id_responsabile),
  7  
  8      CONSTRAINT fk_sresp_servizio
  9          FOREIGN KEY (id_servizio)
 10          REFERENCES servizi (id_servizio),
 11  
 12      CONSTRAINT fk_sresp_responsabile
 13          FOREIGN KEY (id_responsabile)
 14          REFERENCES responsabili (id_responsabile)
 15  );

Table SERVIZI_RESPONSABILI created.

SQL> 
SQL> -- DIPENDENZE: relazioni tecniche tra un asset e l'asset da cui dipende.
SQL> CREATE TABLE dipendenze (
  2      id_dipendenza      NUMBER(10) GENERATED BY DEFAULT AS IDENTITY (START WITH 1000),
  3      id_asset_origine   NUMBER(10) NOT NULL,
  4      id_asset_richiesto NUMBER(10) NOT NULL,
  5      tipo_dipendenza    VARCHAR2(100) NOT NULL,
  6      descrizione        VARCHAR2(500),
  7  
  8      CONSTRAINT pk_dipendenze
  9          PRIMARY KEY (id_dipendenza),
 10  
 11      CONSTRAINT fk_dip_origine
 12          FOREIGN KEY (id_asset_origine)
 13          REFERENCES asset (id_asset),
 14  
 15      CONSTRAINT fk_dip_richiesto
 16          FOREIGN KEY (id_asset_richiesto)
 17          REFERENCES asset (id_asset),
 18  
 19      CONSTRAINT uq_dip_orig_req
 20          UNIQUE (id_asset_origine, id_asset_richiesto),
 21  
 22      CONSTRAINT ck_dip_no_self
 23          CHECK (id_asset_origine <> id_asset_richiesto)
 24  );

Table DIPENDENZE created.

SQL> 
SQL> -- STORICO_ASSET: versioni storiche degli asset.
SQL> CREATE TABLE storico_asset (
  2      id_storico_asset     NUMBER(10) GENERATED BY DEFAULT AS IDENTITY (START WITH 1000),
  3      id_asset             NUMBER(10) NOT NULL,
  4      numero_versione      NUMBER(10) NOT NULL,
  5      data_inizio_validita DATE NOT NULL,
  6      data_fine_validita   DATE,
  7      nome_asset           VARCHAR2(150) NOT NULL,
  8      tipo_asset           VARCHAR2(80) NOT NULL,
  9      criticita            VARCHAR2(10) NOT NULL,
 10      stato                VARCHAR2(10) NOT NULL,
 11      tipo_modifica        VARCHAR2(50) NOT NULL,
 12      descrizione_modifica VARCHAR2(500),
 13  
 14      CONSTRAINT pk_storico_asset
 15          PRIMARY KEY (id_storico_asset),
 16  
 17      CONSTRAINT fk_stasset_asset
 18          FOREIGN KEY (id_asset)
 19          REFERENCES asset (id_asset),
 20  
 21      CONSTRAINT uq_stasset_ver
 22          UNIQUE (id_asset, numero_versione),
 23  
 24      CONSTRAINT ck_stasset_ver
 25          CHECK (numero_versione > 0),
 26  
 27      CONSTRAINT ck_stasset_date
 28          CHECK (
 29              data_fine_validita IS NULL
 30              OR data_fine_validita >= data_inizio_validita
 31          ),
 32  
 33      CONSTRAINT ck_stasset_crit
 34          CHECK (criticita IN ('BASSA', 'MEDIA', 'ALTA', 'CRITICA')),
 35  
 36      CONSTRAINT ck_stasset_stato
 37          CHECK (stato IN ('ATTIVO', 'INATTIVO', 'DISMESSO'))
 38  );

Table STORICO_ASSET created.

SQL> 
SQL> -- STORICO_SERVIZI: versioni storiche dei servizi.
SQL> CREATE TABLE storico_servizi (
  2      id_storico_servizio   NUMBER(10) GENERATED BY DEFAULT AS IDENTITY (START WITH 1000),
  3      id_servizio           NUMBER(10) NOT NULL,
  4      numero_versione       NUMBER(10) NOT NULL,
  5      data_inizio_validita  DATE NOT NULL,
  6      data_fine_validita    DATE,
  7      nome_servizio         VARCHAR2(150) NOT NULL,
  8      criticita             VARCHAR2(10) NOT NULL,
  9      tipo_modifica         VARCHAR2(50) NOT NULL,
 10      descrizione_modifica  VARCHAR2(500),
 11  
 12      CONSTRAINT pk_storico_servizi
 13          PRIMARY KEY (id_storico_servizio),
 14  
 15      CONSTRAINT fk_stserv_servizio
 16          FOREIGN KEY (id_servizio)
 17          REFERENCES servizi (id_servizio),
 18  
 19      CONSTRAINT uq_stserv_ver
 20          UNIQUE (id_servizio, numero_versione),
 21  
 22      CONSTRAINT ck_stserv_ver
 23          CHECK (numero_versione > 0),
 24  
 25      CONSTRAINT ck_stserv_date
 26          CHECK (
 27              data_fine_validita IS NULL
 28              OR data_fine_validita >= data_inizio_validita
 29          ),
 30  
 31      CONSTRAINT ck_stserv_crit
 32          CHECK (criticita IN ('BASSA', 'MEDIA', 'ALTA', 'CRITICA'))
 33  );

Table STORICO_SERVIZI created.

SQL> PROMPT ===== VERIFICA 01_schema.sql =====
===== VERIFICA 01_schema.sql =====
SQL> SELECT COUNT(*) AS numero_tabelle
  2  FROM user_tables
  3  WHERE table_name IN (
  4      'ORGANIZZAZIONI',
  5      'FORNITORI',
  6      'ASSET',
  7      'SERVIZI',
  8      'RESPONSABILI',
  9      'PUNTI_CONTATTO',
 10      'ASSET_SERVIZI',
 11      'SERVIZI_FORNITORI',
 12      'ASSET_RESPONSABILI',
 13      'SERVIZI_RESPONSABILI',
 14      'DIPENDENZE',
 15      'STORICO_ASSET',
 16      'STORICO_SERVIZI'
 17  );

   NUMERO_TABELLE 
_________________ 
               13 

1 row selected. 

SQL> SELECT object_name, status
  2  FROM user_objects
  3  WHERE object_type = 'TABLE'
  4  AND object_name IN (
  5      'ORGANIZZAZIONI',
  6      'FORNITORI',
  7      'ASSET',
  8      'SERVIZI',
  9      'RESPONSABILI',
 10      'PUNTI_CONTATTO',
 11      'ASSET_SERVIZI',
 12      'SERVIZI_FORNITORI',
 13      'ASSET_RESPONSABILI',
 14      'SERVIZI_RESPONSABILI',
 15      'DIPENDENZE',
 16      'STORICO_ASSET',
 17      'STORICO_SERVIZI'
 18  )
 19  ORDER BY object_name;

OBJECT_NAME             STATUS    
_______________________ _________ 
ASSET                   VALID     
ASSET_RESPONSABILI      VALID     
ASSET_SERVIZI           VALID     
DIPENDENZE              VALID     
FORNITORI               VALID     
ORGANIZZAZIONI          VALID     
PUNTI_CONTATTO          VALID     
RESPONSABILI            VALID     
SERVIZI                 VALID     
SERVIZI_FORNITORI       VALID     
SERVIZI_RESPONSABILI    VALID     
STORICO_ASSET           VALID     
STORICO_SERVIZI         VALID     

13 rows selected. 

SQL> PROMPT ===== FINE 01_schema.sql =====
===== FINE 01_schema.sql =====
SQL> SPOOL OFF
